###############################################################################
#
# IAR ELF Linker V8.50.1.245/W32 for ARM                  07/Aug/2021  19:19:40
# Copyright 2007-2020 IAR Systems AB.
#
#    Output file  =
#        G:\Github\GPIO_Driver_tm4c123gh6pm\Examples\Led_Blinking_With_Switch\Debug\Exe\GPIO_Driver.out
#    Map file     =
#        G:\Github\GPIO_Driver_tm4c123gh6pm\Examples\Led_Blinking_With_Switch\Debug\List\GPIO_Driver.map
#    Command line =
#        -f C:\Users\Owner\AppData\Local\Temp\EW800D.tmp
#        (G:\Github\GPIO_Driver_tm4c123gh6pm\Examples\Led_Blinking_With_Switch\Debug\Obj\GPIO_Driver.o
#        G:\Github\GPIO_Driver_tm4c123gh6pm\Examples\Led_Blinking_With_Switch\Debug\Obj\main.o
#        --no_out_extension -o
#        G:\Github\GPIO_Driver_tm4c123gh6pm\Examples\Led_Blinking_With_Switch\Debug\Exe\GPIO_Driver.out
#        --redirect _Printf=_PrintfFullNoMb --redirect _Scanf=_ScanfFullNoMb
#        --map
#        G:\Github\GPIO_Driver_tm4c123gh6pm\Examples\Led_Blinking_With_Switch\Debug\List\GPIO_Driver.map
#        --config G:\IAR\arm\config\linker\TexasInstruments\TM4C123GH6.icf
#        --semihosting --entry __iar_program_start --vfe --text_out locale)
#
###############################################################################

*******************************************************************************
*** RUNTIME MODEL ATTRIBUTES
***

CppFlavor       = *
__SystemLibrary = DLib
__dlib_version  = 6


*******************************************************************************
*** HEAP SELECTION
***

The basic heap was selected because some modules are built with
size limitations (and not runtime checking), and --advanced_heap
was not specified.


*******************************************************************************
*** PLACEMENT SUMMARY
***

"A0":  place at address 0x0 { ro section .intvec };
"P1":  place in [from 0x0 to 0x3'ffff] { ro };
define block CSTACK with size = 4K, alignment = 8 { };
define block HEAP with size = 8K, alignment = 8 { };
"P2":  place in [from 0x2000'0000 to 0x2000'7fff] {
          rw, block CSTACK, block HEAP };
initialize by copy { rw };

  Section            Kind         Address    Size  Object
  -------            ----         -------    ----  ------
"A0":                                        0x40
  .intvec            ro code          0x0    0x40  vector_table_M.o [4]
                                   - 0x40    0x40

"P1":                                       0x62c
  .text              ro code         0x40   0x35c  GPIO_Driver.o [1]
  .text              ro code        0x39c    0x12  strcmp.o [4]
  .text              ro code        0x3ae    0x2e  copy_init3.o [4]
  Initializer bytes  const          0x3dc    0xac  <for P2-1>
  .text              ro code        0x488     0x2  vector_table_M.o [4]
  .text              ro code        0x48c    0xa4  main.o [1]
  .text              ro code        0x530    0x28  data_init.o [4]
  .text              ro code        0x558    0x22  fpinit_M.o [3]
  .iar.init_table    const          0x57c    0x14  - Linker created -
  .text              ro code        0x590    0x1e  cmain.o [4]
  .text              ro code        0x5ae     0x4  low_level_init.o [2]
  .text              ro code        0x5b2     0x4  exit.o [2]
  .text              ro code        0x5b8     0xa  cexit.o [4]
  .text              ro code        0x5c4    0x14  exit.o [5]
  .rodata            const          0x5d8     0xc  GPIO_Driver.o [1]
  .rodata            const          0x5e4     0xc  GPIO_Driver.o [1]
  .rodata            const          0x5f0     0xc  GPIO_Driver.o [1]
  .rodata            const          0x5fc     0xc  main.o [1]
  .text              ro code        0x608     0xc  cstartup_M.o [4]
  .rodata            const          0x614     0x8  GPIO_Driver.o [1]
  .rodata            const          0x61c     0x8  GPIO_Driver.o [1]
  .rodata            const          0x624     0x8  GPIO_Driver.o [1]
  .rodata            const          0x62c     0x8  GPIO_Driver.o [1]
  .rodata            const          0x634     0x8  GPIO_Driver.o [1]
  .rodata            const          0x63c     0x8  GPIO_Driver.o [1]
  .rodata            const          0x644     0x8  main.o [1]
  .rodata            const          0x64c     0x8  main.o [1]
  .rodata            const          0x654     0x8  main.o [1]
  .rodata            const          0x65c     0x8  main.o [1]
  .rodata            const          0x664     0x8  main.o [1]
  .rodata            const          0x66c     0x0  copy_init3.o [4]
                                  - 0x66c   0x62c

"P2", part 1 of 2:                           0xac
  P2-1                        0x2000'0000    0xa9  <Init block>
    .data            inited   0x2000'0000    0x18  GPIO_Driver.o [1]
    .data            inited   0x2000'0018    0x18  GPIO_Driver.o [1]
    .data            inited   0x2000'0030    0x18  GPIO_Driver.o [1]
    .data            inited   0x2000'0048    0x18  GPIO_Driver.o [1]
    .data            inited   0x2000'0060    0x18  GPIO_Driver.o [1]
    .data            inited   0x2000'0078    0x18  GPIO_Driver.o [1]
    .data            inited   0x2000'0090    0x18  GPIO_Driver.o [1]
    .bss             inited   0x2000'00a8     0x1  main.o [1]
                            - 0x2000'00a9    0xa9

"P2", part 2 of 2:                         0x1000
  CSTACK                      0x2000'00b0  0x1000  <Block>
    CSTACK           uninit   0x2000'00b0  0x1000  <Block tail>
                            - 0x2000'10b0  0x1000

Unused ranges:

         From           To      Size
         ----           --      ----
        0x66c     0x3'ffff  0x3'f994
  0x2000'00ac  0x2000'00af       0x4
  0x2000'10b0  0x2000'7fff    0x6f50


*******************************************************************************
*** INIT TABLE
***

          Address      Size
          -------      ----
Copy (__iar_copy_init3)
    1 source range, total size 0xac (101% of destination):
                0x3dc  0xac
    1 destination range, total size 0xa9:
          0x2000'0000  0xa9



*******************************************************************************
*** MODULE SUMMARY
***

    Module            ro code  ro data  rw data
    ------            -------  -------  -------
command line/config:
    -------------------------------------------
    Total:

G:\Github\GPIO_Driver_tm4c123gh6pm\Examples\Led_Blinking_With_Switch\Debug\Obj: [1]
    GPIO_Driver.o         860      252      168
    main.o                164       53        1
    -------------------------------------------
    Total:              1'024      305      169

dl7M_tln.a: [2]
    exit.o                  4
    low_level_init.o        4
    -------------------------------------------
    Total:                  8

m7M_tls.a: [3]
    fpinit_M.o             34
    -------------------------------------------
    Total:                 34

rt7M_tl.a: [4]
    cexit.o                10
    cmain.o                30
    copy_init3.o           46
    cstartup_M.o           12
    data_init.o            40
    strcmp.o               18
    vector_table_M.o       66
    -------------------------------------------
    Total:                222

shb_l.a: [5]
    exit.o                 20
    -------------------------------------------
    Total:                 20

    Gaps                    6        2
    Linker created                  23    4'096
-----------------------------------------------
    Grand Total:        1'314      330    4'265


*******************************************************************************
*** ENTRY LIST
***

Entry                       Address  Size  Type      Object
-----                       -------  ----  ----      ------
.iar.init_table$$Base         0x57c         --   Gb  - Linker created -
.iar.init_table$$Limit        0x590         --   Gb  - Linker created -
?main                         0x591        Code  Gb  cmain.o [4]
AFSEL_R                 0x2000'0048  0x18  Data  Gb  GPIO_Driver.o [1]
AMSEL_R                 0x2000'0018  0x18  Data  Gb  GPIO_Driver.o [1]
CLK_Enable                     0x41  0x24  Code  Gb  GPIO_Driver.o [1]
CLK_PORTS               0x2000'0000  0x18  Data  Gb  GPIO_Driver.o [1]
CSTACK$$Base            0x2000'00b0         --   Gb  - Linker created -
CSTACK$$Limit           0x2000'10b0         --   Gb  - Linker created -
DATA_R                  0x2000'0090  0x18  Data  Gb  GPIO_Driver.o [1]
DEN_R                   0x2000'0030  0x18  Data  Gb  GPIO_Driver.o [1]
DIR_R                   0x2000'0060  0x18  Data  Gb  GPIO_Driver.o [1]
GPIO_PORT_UNLOCK               0x65  0x3a  Code  Gb  GPIO_Driver.o [1]
PIN_ANALOG_DIGITAL             0x9f  0xc6  Code  Gb  GPIO_Driver.o [1]
PIN_FUNCTION_SELECT           0x165  0x76  Code  Gb  GPIO_Driver.o [1]
PIN_INPUT_OUTPUT              0x1db  0x76  Code  Gb  GPIO_Driver.o [1]
PIN_PULLUP_RESISTOR           0x251  0x76  Code  Gb  GPIO_Driver.o [1]
PIN_READ_DIGITAL              0x32f  0x18  Code  Gb  GPIO_Driver.o [1]
PIN_WRITE_DIGITAL             0x2c7  0x68  Code  Gb  GPIO_Driver.o [1]
PUR_R                   0x2000'0078  0x18  Data  Gb  GPIO_Driver.o [1]
Region$$Table$$Base           0x57c         --   Gb  - Linker created -
Region$$Table$$Limit          0x590         --   Gb  - Linker created -
__cmain                       0x591        Code  Gb  cmain.o [4]
__exit                        0x5c5  0x14  Code  Gb  exit.o [5]
__iar_copy_init3              0x3af  0x2e  Code  Gb  copy_init3.o [4]
__iar_data_init3              0x531  0x28  Code  Gb  data_init.o [4]
__iar_init_vfp                0x559        Code  Gb  fpinit_M.o [3]
__iar_program_start           0x609        Code  Gb  cstartup_M.o [4]
__low_level_init              0x5af   0x4  Code  Gb  low_level_init.o [2]
__vector_table                  0x0        Data  Gb  vector_table_M.o [4]
_call_main                    0x59d        Code  Gb  cmain.o [4]
_exit                         0x5b9        Code  Gb  cexit.o [4]
_main                         0x5ab        Code  Gb  cmain.o [4]
data                    0x2000'00a8   0x1  Data  Gb  main.o [1]
exit                          0x5b3   0x4  Code  Gb  exit.o [2]
main                          0x48d  0xa4  Code  Gb  main.o [1]
strcmp                        0x39d        Code  Gb  strcmp.o [4]


[1] = G:\Github\GPIO_Driver_tm4c123gh6pm\Examples\Led_Blinking_With_Switch\Debug\Obj
[2] = dl7M_tln.a
[3] = m7M_tls.a
[4] = rt7M_tl.a
[5] = shb_l.a

  1'314 bytes of readonly  code memory
    330 bytes of readonly  data memory
  4'265 bytes of readwrite data memory

Errors: none
Warnings: none
